---
source: tests/html_test.rs
expression: "files.get(\"search_index.js\").unwrap()"
---
(function () {
  window.DENO_DOC_SEARCH_INDEX = {"nodes":[{"kind":["class"],"name":"A","file":".","doc":"","location":{"filename":"default","line":62,"col":0,"byteIndex":1037},"url":"././~/A.html","category":"","declarationKind":"private","deprecated":false},{"kind":["class"],"name":"B","file":".","doc":"","location":{"filename":"default","line":65,"col":0,"byteIndex":1066},"url":"././~/B.html","category":"","declarationKind":"export","deprecated":false},{"kind":["class"],"name":"Bar","file":".","doc":"> Some quote in bar docs\n> This quote part is ignored\n> when getting the title of this doc\n\nBar docs","location":{"filename":"default","line":38,"col":0,"byteIndex":711},"url":"././~/Bar.html","category":"","declarationKind":"export","deprecated":false},{"kind":["typeAlias"],"name":"Baz","file":".","doc":"","location":{"filename":"default","line":58,"col":0,"byteIndex":998},"url":"././~/Baz.html","category":"","declarationKind":"export","deprecated":false},{"kind":["class"],"name":"Foo","file":".","doc":"some Foo docs","location":{"filename":"default","line":25,"col":0,"byteIndex":488},"url":"././~/Foo.html","category":"","declarationKind":"export","deprecated":false},{"kind":["class"],"name":"Foobar","file":".","doc":"```ts\n// This code block is ignored when getting the title of this doc\nconst foobar = new Foobar();\n```\n\nFoobar docs\n","location":{"filename":"default","line":51,"col":0,"byteIndex":918},"url":"././~/Foobar.html","category":"","declarationKind":"export","deprecated":false},{"kind":["interface"],"name":"Hello","file":".","doc":"","location":{"filename":"default","line":54,"col":0,"byteIndex":951},"url":"././~/Hello.html","category":"","declarationKind":"export","deprecated":false},{"kind":["function"],"name":"c","file":".","doc":"","location":{"filename":"default","line":74,"col":13,"byteIndex":1229},"url":"././~/c.html","category":"","declarationKind":"export","deprecated":false},{"kind":["function"],"name":"d","file":".","doc":"","location":{"filename":"default","line":79,"col":0,"byteIndex":1286},"url":"././~/d.html","category":"","declarationKind":"export","deprecated":false},{"kind":["function","function","function"],"name":"qaz","file":".","doc":"","location":{"filename":"default","line":70,"col":0,"byteIndex":1108},"url":"././~/qaz.html","category":"","declarationKind":"export","deprecated":false},{"kind":["variable"],"name":"default","file":"foo","doc":"The default export item.\n\nThis item reproduces the issue reported in {@link https://github.com/jsr-io/jsr/issues/459}","location":{"filename":"foo","line":11,"col":6,"byteIndex":191},"url":"./foo/~/default.html","category":"","declarationKind":"export","deprecated":false},{"kind":["function"],"name":"x","file":"foo","doc":"","location":{"filename":"foo","line":5,"col":0,"byteIndex":24},"url":"./foo/~/x.html","category":"","declarationKind":"export","deprecated":false}]};
})()
