---
source: tests/html_test.rs
expression: module_docs
---
[
  {
    "deprecated": null,
    "sections": {
      "id": "module_doc",
      "docs": "<div class=\"markdown\"><p>Some docs</p>\n<div class=\"alert alert-note\"><div><svg xmlns=\"http://www.w3.org/2000/svg\" width=\"14\" height=\"14\" viewBox=\"0 0 24 24\" fill=\"none\" stroke=\"currentColor\" stroke-width=\"2\" stroke-linecap=\"round\" stroke-linejoin=\"round\">\n  <path stroke=\"none\" d=\"M0 0h24v24H0z\" fill=\"none\"></path>\n  <path d=\"M3 12a9 9 0 1 0 18 0a9 9 0 0 0 -18 0\"></path>\n  <path d=\"M12 9h.01\"></path>\n  <path d=\"M11 12h1v4h1\"></path>\n</svg>\nNote</div><div><p>\nUseful information that users should know, even when skimming content.</p>\n</div></div>\n<div class=\"alert alert-tip\"><div><svg xmlns=\"http://www.w3.org/2000/svg\" width=\"14\" height=\"14\" viewBox=\"0 0 24 24\" fill=\"none\" stroke=\"currentColor\" stroke-width=\"2\" stroke-linecap=\"round\" stroke-linejoin=\"round\">\n  <path stroke=\"none\" d=\"M0 0h24v24H0z\" fill=\"none\"></path>\n  <path d=\"M3 12h1m8 -9v1m8 8h1m-15.4 -6.4l.7 .7m12.1 -.7l-.7 .7\"></path>\n  <path d=\"M9 16a5 5 0 1 1 6 0a3.5 3.5 0 0 0 -1 3a2 2 0 0 1 -4 0a3.5 3.5 0 0 0 -1 -3\"></path>\n  <path d=\"M9.7 17l4.6 0\"></path>\n</svg>\nTip</div><div><p>\nHelpful advice for doing things better or more easily.</p>\n</div></div>\n<div class=\"alert alert-important\"><div><svg xmlns=\"http://www.w3.org/2000/svg\" width=\"14\" height=\"14\" viewBox=\"0 0 24 24\" fill=\"none\" stroke=\"currentColor\" stroke-width=\"2\" stroke-linecap=\"round\" stroke-linejoin=\"round\">\n  <path stroke=\"none\" d=\"M0 0h24v24H0z\" fill=\"none\"></path>\n  <path d=\"M18 4a3 3 0 0 1 3 3v8a3 3 0 0 1 -3 3h-5l-5 3v-3h-2a3 3 0 0 1 -3 -3v-8a3 3 0 0 1 3 -3h12z\"></path>\n  <path d=\"M12 8v3\"></path>\n  <path d=\"M12 14v.01\"></path>\n</svg>\nImportant</div><div><p>\nKey information users need to know to achieve their goal.</p>\n</div></div>\n<div class=\"alert alert-warning\"><div><svg xmlns=\"http://www.w3.org/2000/svg\" width=\"14\" height=\"14\" viewBox=\"0 0 24 24\" fill=\"none\" stroke=\"currentColor\" stroke-width=\"2\" stroke-linecap=\"round\" stroke-linejoin=\"round\">\n  <path stroke=\"none\" d=\"M0 0h24v24H0z\" fill=\"none\"></path>\n  <path d=\"M12 9v4\"></path>\n  <path d=\"M10.363 3.591l-8.106 13.534a1.914 1.914 0 0 0 1.636 2.871h16.214a1.914 1.914 0 0 0 1.636 -2.87l-8.106 -13.536a1.914 1.914 0 0 0 -3.274 0z\"></path>\n  <path d=\"M12 16h.01\"></path>\n</svg>\nWarning</div><div><p>\nUrgent info that needs immediate user attention to avoid problems.</p>\n</div></div>\n<div class=\"alert alert-caution\"><div><svg xmlns=\"http://www.w3.org/2000/svg\" width=\"14\" height=\"14\" viewBox=\"0 0 24 24\" fill=\"none\" stroke=\"currentColor\" stroke-width=\"2\" stroke-linecap=\"round\" stroke-linejoin=\"round\">\n  <path stroke=\"none\" d=\"M0 0h24v24H0z\" fill=\"none\"></path>\n  <path d=\"M12.802 2.165l5.575 2.389c.48 .206 .863 .589 1.07 1.07l2.388 5.574c.22 .512 .22 1.092 0 1.604l-2.389 5.575c-.206 .48 -.589 .863 -1.07 1.07l-5.574 2.388c-.512 .22 -1.092 .22 -1.604 0l-5.575 -2.389a2.036 2.036 0 0 1 -1.07 -1.07l-2.388 -5.574a2.036 2.036 0 0 1 0 -1.604l2.389 -5.575c.206 -.48 .589 -.863 1.07 -1.07l5.574 -2.388a2.036 2.036 0 0 1 1.604 0z\"></path>\n  <path d=\"M12 8v4\"></path>\n  <path d=\"M12 16h.01\"></path>\n</svg>\nCaution</div><div><p>\nAdvises about risks or negative outcomes of certain actions.</p>\n</div></div>\n</div>",
      "sections": []
    }
  },
  {
    "deprecated": null,
    "sections": {
      "id": "module_doc",
      "docs": null,
      "sections": [
        {
          "header": {
            "title": "Functions",
            "anchor": {
              "id": "Functions"
            },
            "href": null,
            "doc": null
          },
          "content": {
            "kind": "namespace_section",
            "content": [
              {
                "id": "namespace_x",
                "anchor": {
                  "id": "namespace_x"
                },
                "tags": [],
                "doc_node_kind_ctx": [
                  {
                    "kind": "Function",
                    "char": "f",
                    "title": "Function",
                    "title_lowercase": "function",
                    "title_plural": "Functions"
                  }
                ],
                "href": ".././foo/~/x.html",
                "name": "x",
                "docs": null,
                "deprecated": false
              }
            ]
          }
        },
        {
          "header": {
            "title": "Variables",
            "anchor": {
              "id": "Variables"
            },
            "href": null,
            "doc": null
          },
          "content": {
            "kind": "namespace_section",
            "content": [
              {
                "id": "namespace_default",
                "anchor": {
                  "id": "namespace_default"
                },
                "tags": [],
                "doc_node_kind_ctx": [
                  {
                    "kind": "Variable",
                    "char": "v",
                    "title": "Variable",
                    "title_lowercase": "variable",
                    "title_plural": "Variables"
                  }
                ],
                "href": ".././foo/~/default.html",
                "name": "default",
                "docs": "<div class=\"markdown_summary\"><p>The default export item.</p>\n</div>",
                "deprecated": false
              }
            ]
          }
        }
      ]
    }
  }
]
