---
source: tests/html_test.rs
expression: files.get(name).unwrap()
---
<meta http-equiv="refresh" content="0; url=..&#x2F;.&#x2F;.&#x2F;~&#x2F;AbstractClass.html">
