---
source: tests/html_test.rs
expression: "files.get(\"./index.html\").unwrap()"
---
<!DOCTYPE html>
<html>
<head>
  <title>Index - documentation</title>
  <meta charset="utf-8">
  <meta name="viewport" content="width=device-width, initial-scale=1.0">
  <meta name="doc-current-file" content="">
  <link rel="stylesheet" href="styles.css">
  <link rel="stylesheet" href="page.css">

  <script src="search_index.js" defer></script>
  <script src="script.js" defer></script>
  <script src="fuse.js" defer></script>
  <script src="search.js" defer></script>
</head>
<body class="ddoc">
<nav class="top-0 sticky bg-white z-50 py-3">
  <div class="max-lg:flex md:items-center justify-between gap-4 max-md:flex-col-reverse lg:grid lg:grid-cols-4 lg:gap-12">
    <div class="lg:col-span-3"><ul class="breadcrumbs"><li>index</li></ul>
</div>

    <input
      type="text"
      id="searchbar"
      style="display: none;"
      class="lg:col-[span_1_/_-1] flex-1 py-2 px-2.5 rounded text-sm border border-gray-300 bg-transparent" />
  </div>
</nav>
<div id="content">
  <main></main><div class="toc">
  <div><nav class="topSymbols">
        <h3>Symbols</h3>
        <ul><li>
              <a href=".&#x2F;.&#x2F;~&#x2F;Bar.html" title="Bar"><div class="docNodeKindIcon"><div class="text-Class bg-Class/15" title="Class">c</div></div>
<span class="hover:bg-Class/15">Bar</span>
              </a>
            </li><li>
              <a href=".&#x2F;.&#x2F;~&#x2F;Baz.html" title="Baz"><div class="docNodeKindIcon"><div class="text-TypeAlias bg-TypeAlias/15" title="Type Alias">T</div></div>
<span class="hover:bg-TypeAlias/15">Baz</span>
              </a>
            </li><li>
              <a href=".&#x2F;.&#x2F;~&#x2F;Foo.html" title="Foo"><div class="docNodeKindIcon"><div class="text-Class bg-Class/15" title="Class">c</div></div>
<span class="hover:bg-Class/15">Foo</span>
              </a>
            </li><li>
              <a href=".&#x2F;.&#x2F;~&#x2F;Foobar.html" title="Foobar"><div class="docNodeKindIcon"><div class="text-Class bg-Class/15" title="Class">c</div></div>
<span class="hover:bg-Class/15">Foobar</span>
              </a>
            </li><li>
              <a href=".&#x2F;.&#x2F;~&#x2F;Hello.html" title="Hello"><div class="docNodeKindIcon"><div class="text-Interface bg-Interface/15" title="Interface">I</div></div>
<span class="hover:bg-Interface/15">Hello</span>
              </a>
            </li></ul><a class="flex items-center gap-0.5" href=".&#x2F;all_symbols.html">
            <span class="leading-none">view all 9 symbols</span><svg
	width="16"
	height="16"
	viewBox="0 0 16 16"
	fill="none"
	xmlns="http://www.w3.org/2000/svg">
	<path fill-rule="evenodd" clip-rule="evenodd" d="M5.76748 11.8159C5.5378 11.577 5.54525 11.1972 5.78411 10.9675L8.93431 8L5.78411 5.0325C5.54525 4.80282 5.5378 4.423 5.76748 4.18413C5.99715 3.94527 6.37698 3.93782 6.61584 4.1675L10.2158 7.5675C10.3335 7.68062 10.4 7.83679 10.4 8C10.4 8.16321 10.3335 8.31938 10.2158 8.4325L6.61584 11.8325C6.37698 12.0622 5.99715 12.0547 5.76748 11.8159Z" fill="currentColor" />
</svg>
</a></nav></div>
</div>
<div id="searchResults"></div></div>
</body>
</html>
