---
source: tests/html_test.rs
expression: "files.get(\"./~/Foobar.prototype.html\").unwrap()"
---
<meta http-equiv="refresh" content="0; url=..&#x2F;..&#x2F;.&#x2F;.&#x2F;~&#x2F;Foobar.html">
