---
source: tests/html_test.rs
expression: "files.get(\"./~/Bar.html\").unwrap()"
---
<!DOCTYPE html>
<html>
<head>
  <title>Bar - documentation</title>
  <meta charset="utf-8">
  <meta name="viewport" content="width=device-width, initial-scale=1.0">
  <meta name="doc-current-file" content=".">
  <link rel="stylesheet" href="..&#x2F;styles.css">
  <link rel="stylesheet" href="..&#x2F;page.css">
  <link id="ddocResetStylesheet" rel="stylesheet" href="..&#x2F;reset.css"><script src="..&#x2F;search_index.js" defer></script>
    <script src="..&#x2F;script.js" defer></script>
    <script src="..&#x2F;fuse.js" defer></script>
    <script src="..&#x2F;search.js" defer></script></head>
<body>
<div class="ddoc">
<div><nav class="top-0 sticky bg-white z-50 py-3 h-14" id="topnav">
  <div class="h-full">
    <div><ul class="breadcrumbs"><li><a href="..&#x2F;" class="contextLink">index</a></li><span class="text-[#0F172A]"><svg
	width="16"
	height="16"
	viewBox="0 0 16 16"
	fill="none"
	xmlns="http://www.w3.org/2000/svg">
	<path fill-rule="evenodd" clip-rule="evenodd" d="M5.76748 11.8159C5.5378 11.577 5.54525 11.1972 5.78411 10.9675L8.93431 8L5.78411 5.0325C5.54525 4.80282 5.5378 4.423 5.76748 4.18413C5.99715 3.94527 6.37698 3.93782 6.61584 4.1675L10.2158 7.5675C10.3335 7.68062 10.4 7.83679 10.4 8C10.4 8.16321 10.3335 8.31938 10.2158 8.4325L6.61584 11.8325C6.37698 12.0622 5.99715 12.0547 5.76748 11.8159Z" fill="currentColor" />
</svg>
</span><ul><li>Bar</li></ul></ul>
</div>

      <input
        type="text"
        id="searchbar"
        style="display: none;"
        class="py-2 px-2.5 rounded text-sm border border-gray-300 bg-transparent" />
  </div>
</nav>
<div id="searchResults"></div><div id="content"><main class="symbolGroup" id="symbol_Bar"><article>
      <div>
        <div>
          <div class="text-2xl leading-none break-all">
            <span class="text-Class">class</span>&nbsp;<span class="font-bold">Bar</span>
          </div><div class="symbolSubtitle"><div>
    <span class="type"> extends </span><a class="link" href="..&#x2F;.&#x2F;.&#x2F;~&#x2F;Foo.html">Foo</a><span> </span>
  </div></div></div></div><div><div class="space-y-7" id=""><div class="markdown"><blockquote>
<p>Some quote in bar docs
This quote part is ignored
when getting the title of this doc</p>
</blockquote>
<p>Bar docs</p>
</div></div>
</div>
    </article></main>
<div class="toc">
    <div><div class="usageContent">
    <h3>Usage</h3><div class="markdown"><pre><code>import { Bar } from ".";
</code></pre>
</div></div></div>
  </div></div>
</div>
</div>
</body>
</html>
